{"ts":"2026-09-24T01:23:01.341Z","level":"info","channel":"media","message":"[VIDEO_RENDER_PROGRESS] Rendered frame 1/7 (TITLE_CARD, 252.1 KB)","data":{"taskId":"tsk_mueuk72d3a89c355ec","agentId":"visual_agent","data":{"stepId":"tsk_mueuk72d3a89c355ec_s07","toolId":"visuals.render"}}}
{"ts":"2026-09-24T01:23:01.341Z","level":"info","channel":"media","message":"Frame rendered: scene 1 (TITLE_CARD)","data":{"agentId":"visual_agent","bytes":258164}}
{"ts":"2026-09-24T01:23:01.917Z","level":"info","channel":"media","message":"[VIDEO_RENDER_PROGRESS] Rendered frame 2/7 (PARALLAX_CROP, 298.9 KB)","data":{"taskId":"tsk_mueuk72d3a89c355ec","agentId":"visual_agent","data":{"stepId":"tsk_mueuk72d3a89c355ec_s07","toolId":"visuals.render"}}}
{"ts":"2026-09-24T01:23:01.917Z","level":"info","channel":"media","message":"Frame rendered: scene 2 (PARALLAX_CROP)","data":{"agentId":"visual_agent","bytes":306092}}
{"ts":"2026-09-24T01:23:02.570Z","level":"info","channel":"media","message":"[VIDEO_RENDER_PROGRESS] Rendered frame 3/7 (MECHANISM_STEPS, 235.2 KB)","data":{"taskId":"tsk_mueuk72d3a89c355ec","agentId":"visual_agent","data":{"stepId":"tsk_mueuk72d3a89c355ec_s07","toolId":"visuals.render"}}}
{"ts":"2026-09-24T01:23:02.570Z","level":"info","channel":"media","message":"Frame rendered: scene 3 (MECHANISM_STEPS)","data":{"agentId":"visual_agent","bytes":240803}}
{"ts":"2026-09-24T01:23:03.103Z","level":"info","channel":"media","message":"[VIDEO_RENDER_PROGRESS] Rendered frame 4/7 (CHART_BARS, 216.5 KB)","data":{"taskId":"tsk_mueuk72d3a89c355ec","agentId":"visual_agent","data":{"stepId":"tsk_mueuk72d3a89c355ec_s07","toolId":"visuals.render"}}}
{"ts":"2026-09-24T01:23:03.103Z","level":"info","channel":"media","message":"Frame rendered: scene 4 (CHART_BARS)","data":{"agentId":"visual_agent","bytes":221707}}
{"ts":"2026-09-24T01:23:03.587Z","level":"info","channel":"media","message":"[VIDEO_RENDER_PROGRESS] Rendered frame 5/7 (DIAGRAM_FLOW, 243.4 KB)","data":{"taskId":"tsk_mueuk72d3a89c355ec","agentId":"visual_agent","data":{"stepId":"tsk_mueuk72d3a89c355ec_s07","toolId":"visuals.render"}}}
{"ts":"2026-09-24T01:23:03.587Z","level":"info","channel":"media","message":"Frame rendered: scene 5 (DIAGRAM_FLOW)","data":{"agentId":"visual_agent","bytes":249272}}
{"ts":"2026-09-24T01:23:04.064Z","level":"info","channel":"media","message":"[VIDEO_RENDER_PROGRESS] Rendered frame 6/7 (STAT_CALLOUT, 235.5 KB)","data":{"taskId":"tsk_mueuk72d3a89c355ec","agentId":"visual_agent","data":{"stepId":"tsk_mueuk72d3a89c355ec_s07","toolId":"visuals.render"}}}
{"ts":"2026-09-24T01:23:04.064Z","level":"info","channel":"media","message":"Frame rendered: scene 6 (STAT_CALLOUT)","data":{"agentId":"visual_agent","bytes":241198}}
{"ts":"2026-09-24T01:23:04.481Z","level":"info","channel":"media","message":"[VIDEO_RENDER_PROGRESS] Rendered frame 7/7 (TIMELINE, 211.8 KB)","data":{"taskId":"tsk_mueuk72d3a89c355ec","agentId":"visual_agent","data":{"stepId":"tsk_mueuk72d3a89c355ec_s07","toolId":"visuals.render"}}}
{"ts":"2026-09-24T01:23:04.481Z","level":"info","channel":"media","message":"Frame rendered: scene 7 (TIMELINE)","data":{"agentId":"visual_agent","bytes":216882}}
{"ts":"2026-09-24T01:23:10.046Z","level":"info","channel":"media","message":"[VIDEO_RENDER_PROGRESS] Captions composed for scene 1/7","data":{"taskId":"tsk_mueuk72d3a89c355ec","agentId":"video_renderer","data":{"stepId":"tsk_mueuk72d3a89c355ec_s10","toolId":"captions.render"}}}
{"ts":"2026-09-24T01:23:10.226Z","level":"info","channel":"media","message":"[VIDEO_RENDER_PROGRESS] Captions composed for scene 2/7","data":{"taskId":"tsk_mueuk72d3a89c355ec","agentId":"video_renderer","data":{"stepId":"tsk_mueuk72d3a89c355ec_s10","toolId":"captions.render"}}}
{"ts":"2026-09-24T01:23:10.403Z","level":"info","channel":"media","message":"[VIDEO_RENDER_PROGRESS] Captions composed for scene 3/7","data":{"taskId":"tsk_mueuk72d3a89c355ec","agentId":"video_renderer","data":{"stepId":"tsk_mueuk72d3a89c355ec_s10","toolId":"captions.render"}}}
{"ts":"2026-09-24T01:23:10.581Z","level":"info","channel":"media","message":"[VIDEO_RENDER_PROGRESS] Captions composed for scene 4/7","data":{"taskId":"tsk_mueuk72d3a89c355ec","agentId":"video_renderer","data":{"stepId":"tsk_mueuk72d3a89c355ec_s10","toolId":"captions.render"}}}
{"ts":"2026-09-24T01:23:10.751Z","level":"info","channel":"media","message":"[VIDEO_RENDER_PROGRESS] Captions composed for scene 5/7","data":{"taskId":"tsk_mueuk72d3a89c355ec","agentId":"video_renderer","data":{"stepId":"tsk_mueuk72d3a89c355ec_s10","toolId":"captions.render"}}}
{"ts":"2026-09-24T01:23:10.948Z","level":"info","channel":"media","message":"[VIDEO_RENDER_PROGRESS] Captions composed for scene 6/7","data":{"taskId":"tsk_mueuk72d3a89c355ec","agentId":"video_renderer","data":{"stepId":"tsk_mueuk72d3a89c355ec_s10","toolId":"captions.render"}}}
{"ts":"2026-09-24T01:23:11.034Z","level":"info","channel":"media","message":"[VIDEO_RENDER_PROGRESS] Captions composed for scene 7/7","data":{"taskId":"tsk_mueuk72d3a89c355ec","agentId":"video_renderer","data":{"stepId":"tsk_mueuk72d3a89c355ec_s10","toolId":"captions.render"}}}
{"ts":"2026-09-24T01:23:26.366Z","level":"info","channel":"media","message":"[VIDEO_RENDER_PROGRESS] Encoding frame 0","data":{"taskId":"tsk_mueuk72d3a89c355ec","agentId":"video_renderer","data":{"stepId":"tsk_mueuk72d3a89c355ec_s11","toolId":"media.render"}}}
{"ts":"2026-09-24T01:23:26.871Z","level":"info","channel":"media","message":"[VIDEO_RENDER_PROGRESS] Encoding frame 2","data":{"taskId":"tsk_mueuk72d3a89c355ec","agentId":"video_renderer","data":{"stepId":"tsk_mueuk72d3a89c355ec_s11","toolId":"media.render"}}}
{"ts":"2026-09-24T01:23:27.367Z","level":"info","channel":"media","message":"[VIDEO_RENDER_PROGRESS] Encoding frame 19","data":{"taskId":"tsk_mueuk72d3a89c355ec","agentId":"video_renderer","data":{"stepId":"tsk_mueuk72d3a89c355ec_s11","toolId":"media.render"}}}
{"ts":"2026-09-24T01:23:27.867Z","level":"info","channel":"media","message":"[VIDEO_RENDER_PROGRESS] Encoding frame 36","data":{"taskId":"tsk_mueuk72d3a89c355ec","agentId":"video_renderer","data":{"stepId":"tsk_mueuk72d3a89c355ec_s11","toolId":"media.render"}}}
{"ts":"2026-09-24T01:23:28.367Z","level":"info","channel":"media","message":"[VIDEO_RENDER_PROGRESS] Encoding frame 54","data":{"taskId":"tsk_mueuk72d3a89c355ec","agentId":"video_renderer","data":{"stepId":"tsk_mueuk72d3a89c355ec_s11","toolId":"media.render"}}}
{"ts":"2026-09-24T01:23:28.867Z","level":"info","channel":"media","message":"[VIDEO_RENDER_PROGRESS] Encoding frame 72","data":{"taskId":"tsk_mueuk72d3a89c355ec","agentId":"video_renderer","data":{"stepId":"tsk_mueuk72d3a89c355ec_s11","toolId":"media.render"}}}
{"ts":"2026-09-24T01:23:29.367Z","level":"info","channel":"media","message":"[VIDEO_RENDER_PROGRESS] Encoding frame 96","data":{"taskId":"tsk_mueuk72d3a89c355ec","agentId":"video_renderer","data":{"stepId":"tsk_mueuk72d3a89c355ec_s11","toolId":"media.render"}}}
{"ts":"2026-09-24T01:23:29.868Z","level":"info","channel":"media","message":"[VIDEO_RENDER_PROGRESS] Encoding frame 124","data":{"taskId":"tsk_mueuk72d3a89c355ec","agentId":"video_renderer","data":{"stepId":"tsk_mueuk72d3a89c355ec_s11","toolId":"media.render"}}}
{"ts":"2026-09-24T01:23:30.368Z","level":"info","channel":"media","message":"[VIDEO_RENDER_PROGRESS] Encoding frame 152","data":{"taskId":"tsk_mueuk72d3a89c355ec","agentId":"video_renderer","data":{"stepId":"tsk_mueuk72d3a89c355ec_s11","toolId":"media.render"}}}
{"ts":"2026-09-24T01:23:30.868Z","level":"info","channel":"media","message":"[VIDEO_RENDER_PROGRESS] Encoding frame 182","data":{"taskId":"tsk_mueuk72d3a89c355ec","agentId":"video_renderer","data":{"stepId":"tsk_mueuk72d3a89c355ec_s11","toolId":"media.render"}}}
{"ts":"2026-09-24T01:23:30.923Z","level":"info","channel":"media","message":"[VIDEO_RENDER_PROGRESS] Encoding frame 193","data":{"taskId":"tsk_mueuk72d3a89c355ec","agentId":"video_renderer","data":{"stepId":"tsk_mueuk72d3a89c355ec_s11","toolId":"media.render"}}}
{"ts":"2026-09-24T01:23:30.948Z","level":"info","channel":"media","message":"[VIDEO_RENDER_PROGRESS] Encoded scene 1/7 (TITLE_CARD, ZOOM_IN)","data":{"taskId":"tsk_mueuk72d3a89c355ec","agentId":"video_renderer","data":{"stepId":"tsk_mueuk72d3a89c355ec_s11","toolId":"media.render"}}}
{"ts":"2026-09-24T01:23:30.948Z","level":"info","channel":"media","message":"Scene encoded: 1/7","data":{"agentId":"video_renderer","clip":"/app/runs/run_mueuk72d9848500bc0/renders/clip_01.mp4","motion":"ZOOM_IN"}}
{"ts":"2026-09-24T01:23:31.519Z","level":"info","channel":"media","message":"[VIDEO_RENDER_PROGRESS] Encoding frame 0","data":{"taskId":"tsk_mueuk72d3a89c355ec","agentId":"video_renderer","data":{"stepId":"tsk_mueuk72d3a89c355ec_s11","toolId":"media.render"}}}
{"ts":"2026-09-24T01:23:32.019Z","level":"info","channel":"media","message":"[VIDEO_RENDER_PROGRESS] Encoding frame 3","data":{"taskId":"tsk_mueuk72d3a89c355ec","agentId":"video_renderer","data":{"stepId":"tsk_mueuk72d3a89c355ec_s11","toolId":"media.render"}}}
{"ts":"2026-09-24T01:23:32.519Z","level":"info","channel":"media","message":"[VIDEO_RENDER_PROGRESS] Encoding frame 18","data":{"taskId":"tsk_mueuk72d3a89c355ec","agentId":"video_renderer","data":{"stepId":"tsk_mueuk72d3a89c355ec_s11","toolId":"media.render"}}}
{"ts":"2026-09-24T01:23:33.019Z","level":"info","channel":"media","message":"[VIDEO_RENDER_PROGRESS] Encoding frame 37","data":{"taskId":"tsk_mueuk72d3a89c355ec","agentId":"video_renderer","data":{"stepId":"tsk_mueuk72d3a89c355ec_s11","toolId":"media.render"}}}
{"ts":"2026-09-24T01:23:33.519Z","level":"info","channel":"media","message":"[VIDEO_RENDER_PROGRESS] Encoding frame 53","data":{"taskId":"tsk_mueuk72d3a89c355ec","agentId":"video_renderer","data":{"stepId":"tsk_mueuk72d3a89c355ec_s11","toolId":"media.render"}}}
{"ts":"2026-09-24T01:23:34.021Z","level":"info","channel":"media","message":"[VIDEO_RENDER_PROGRESS] Encoding frame 75","data":{"taskId":"tsk_mueuk72d3a89c355ec","agentId":"video_renderer","data":{"stepId":"tsk_mueuk72d3a89c355ec_s11","toolId":"media.render"}}}
{"ts":"2026-09-24T01:23:34.521Z","level":"info","channel":"media","message":"[VIDEO_RENDER_PROGRESS] Encoding frame 97","data":{"taskId":"tsk_mueuk72d3a89c355ec","agentId":"video_renderer","data":{"stepId":"tsk_mueuk72d3a89c355ec_s11","toolId":"media.render"}}}
{"ts":"2026-09-24T01:23:35.021Z","level":"info","channel":"media","message":"[VIDEO_RENDER_PROGRESS] Encoding frame 124","data":{"taskId":"tsk_mueuk72d3a89c355ec","agentId":"video_renderer","data":{"stepId":"tsk_mueuk72d3a89c355ec_s11","toolId":"media.render"}}}
{"ts":"2026-09-24T01:23:35.522Z","level":"info","channel":"media","message":"[VIDEO_RENDER_PROGRESS] Encoding frame 152","data":{"taskId":"tsk_mueuk72d3a89c355ec","agentId":"video_renderer","data":{"stepId":"tsk_mueuk72d3a89c355ec_s11","toolId":"media.render"}}}
{"ts":"2026-09-24T01:23:36.022Z","level":"info","channel":"media","message":"[VIDEO_RENDER_PROGRESS] Encoding frame 192","data":{"taskId":"tsk_mueuk72d3a89c355ec","agentId":"video_renderer","data":{"stepId":"tsk_mueuk72d3a89c355ec_s11","toolId":"media.render"}}}
{"ts":"2026-09-24T01:23:36.026Z","level":"info","channel":"media","message":"[VIDEO_RENDER_PROGRESS] Encoding frame 193","data":{"taskId":"tsk_mueuk72d3a89c355ec","agentId":"video_renderer","data":{"stepId":"tsk_mueuk72d3a89c355ec_s11","toolId":"media.render"}}}
{"ts":"2026-09-24T01:23:36.051Z","level":"info","channel":"media","message":"[VIDEO_RENDER_PROGRESS] Encoded scene 2/7 (PARALLAX_CROP, PAN_LEFT)","data":{"taskId":"tsk_mueuk72d3a89c355ec","agentId":"video_renderer","data":{"stepId":"tsk_mueuk72d3a89c355ec_s11","toolId":"media.render"}}}
{"ts":"2026-09-24T01:23:36.052Z","level":"info","channel":"media","message":"Scene encoded: 2/7","data":{"agentId":"video_renderer","clip":"/app/runs/run_mueuk72d9848500bc0/renders/clip_02.mp4","motion":"PAN_LEFT"}}
{"ts":"2026-09-24T01:23:36.622Z","level":"info","channel":"media","message":"[VIDEO_RENDER_PROGRESS] Encoding frame 0","data":{"taskId":"tsk_mueuk72d3a89c355ec","agentId":"video_renderer","data":{"stepId":"tsk_mueuk72d3a89c355ec_s11","toolId":"media.render"}}}
{"ts":"2026-09-24T01:23:37.124Z","level":"info","channel":"media","message":"[VIDEO_RENDER_PROGRESS] Encoding frame 2","data":{"taskId":"tsk_mueuk72d3a89c355ec","agentId":"video_renderer","data":{"stepId":"tsk_mueuk72d3a89c355ec_s11","toolId":"media.render"}}}
{"ts":"2026-09-24T01:23:37.625Z","level":"info","channel":"media","message":"[VIDEO_RENDER_PROGRESS] Encoding frame 16","data":{"taskId":"tsk_mueuk72d3a89c355ec","agentId":"video_renderer","data":{"stepId":"tsk_mueuk72d3a89c355ec_s11","toolId":"media.render"}}}
{"ts":"2026-09-24T01:23:38.131Z","level":"info","channel":"media","message":"[VIDEO_RENDER_PROGRESS] Encoding frame 35","data":{"taskId":"tsk_mueuk72d3a89c355ec","agentId":"video_renderer","data":{"stepId":"tsk_mueuk72d3a89c355ec_s11","toolId":"media.render"}}}
{"ts":"2026-09-24T01:23:38.631Z","level":"info","channel":"media","message":"[VIDEO_RENDER_PROGRESS] Encoding frame 53","data":{"taskId":"tsk_mueuk72d3a89c355ec","agentId":"video_renderer","data":{"stepId":"tsk_mueuk72d3a89c355ec_s11","toolId":"media.render"}}}
{"ts":"2026-09-24T01:23:39.131Z","level":"info","channel":"media","message":"[VIDEO_RENDER_PROGRESS] Encoding frame 74","data":{"taskId":"tsk_mueuk72d3a89c355ec","agentId":"video_renderer","data":{"stepId":"tsk_mueuk72d3a89c355ec_s11","toolId":"media.render"}}}
{"ts":"2026-09-24T01:23:39.632Z","level":"info","channel":"media","message":"[VIDEO_RENDER_PROGRESS] Encoding frame 94","data":{"taskId":"tsk_mueuk72d3a89c355ec","agentId":"video_renderer","data":{"stepId":"tsk_mueuk72d3a89c355ec_s11","toolId":"media.render"}}}
{"ts":"2026-09-24T01:23:40.132Z","level":"info","channel":"media","message":"[VIDEO_RENDER_PROGRESS] Encoding frame 117","data":{"taskId":"tsk_mueuk72d3a89c355ec","agentId":"video_renderer","data":{"stepId":"tsk_mueuk72d3a89c355ec_s11","toolId":"media.render"}}}
{"ts":"2026-09-24T01:23:40.632Z","level":"info","channel":"media","message":"[VIDEO_RENDER_PROGRESS] Encoding frame 142","data":{"taskId":"tsk_mueuk72d3a89c355ec","agentId":"video_renderer","data":{"stepId":"tsk_mueuk72d3a89c355ec_s11","toolId":"media.render"}}}
{"ts":"2026-09-24T01:23:41.132Z","level":"info","channel":"media","message":"[VIDEO_RENDER_PROGRESS] Encoding frame 166","data":{"taskId":"tsk_mueuk72d3a89c355ec","agentId":"video_renderer","data":{"stepId":"tsk_mueuk72d3a89c355ec_s11","toolId":"media.render"}}}
{"ts":"2026-09-24T01:23:41.384Z","level":"info","channel":"media","message":"[VIDEO_RENDER_PROGRESS] Encoding frame 193","data":{"taskId":"tsk_mueuk72d3a89c355ec","agentId":"video_renderer","data":{"stepId":"tsk_mueuk72d3a89c355ec_s11","toolId":"media.render"}}}
{"ts":"2026-09-24T01:23:41.407Z","level":"info","channel":"media","message":"[VIDEO_RENDER_PROGRESS] Encoded scene 3/7 (MECHANISM_STEPS, ZOOM_OUT)","data":{"taskId":"tsk_mueuk72d3a89c355ec","agentId":"video_renderer","data":{"stepId":"tsk_mueuk72d3a89c355ec_s11","toolId":"media.render"}}}
{"ts":"2026-09-24T01:23:41.408Z","level":"info","channel":"media","message":"Scene encoded: 3/7","data":{"agentId":"video_renderer","clip":"/app/runs/run_mueuk72d9848500bc0/renders/clip_03.mp4","motion":"ZOOM_OUT"}}
{"ts":"2026-09-24T01:23:41.976Z","level":"info","channel":"media","message":"[VIDEO_RENDER_PROGRESS] Encoding frame 0","data":{"taskId":"tsk_mueuk72d3a89c355ec","agentId":"video_renderer","data":{"stepId":"tsk_mueuk72d3a89c355ec_s11","toolId":"media.render"}}}
{"ts":"2026-09-24T01:23:42.477Z","level":"info","channel":"media","message":"[VIDEO_RENDER_PROGRESS] Encoding frame 0","data":{"taskId":"tsk_mueuk72d3a89c355ec","agentId":"video_renderer","data":{"stepId":"tsk_mueuk72d3a89c355ec_s11","toolId":"media.render"}}}
{"ts":"2026-09-24T01:23:42.977Z","level":"info","channel":"media","message":"[VIDEO_RENDER_PROGRESS] Encoding frame 17","data":{"taskId":"tsk_mueuk72d3a89c355ec","agentId":"video_renderer","data":{"stepId":"tsk_mueuk72d3a89c355ec_s11","toolId":"media.render"}}}
{"ts":"2026-09-24T01:23:43.478Z","level":"info","channel":"media","message":"[VIDEO_RENDER_PROGRESS] Encoding frame 35","data":{"taskId":"tsk_mueuk72d3a89c355ec","agentId":"video_renderer","data":{"stepId":"tsk_mueuk72d3a89c355ec_s11","toolId":"media.render"}}}
{"ts":"2026-09-24T01:23:43.978Z","level":"info","channel":"media","message":"[VIDEO_RENDER_PROGRESS] Encoding frame 57","data":{"taskId":"tsk_mueuk72d3a89c355ec","agentId":"video_renderer","data":{"stepId":"tsk_mueuk72d3a89c355ec_s11","toolId":"media.render"}}}
{"ts":"2026-09-24T01:23:44.478Z","level":"info","channel":"media","message":"[VIDEO_RENDER_PROGRESS] Encoding frame 79","data":{"taskId":"tsk_mueuk72d3a89c355ec","agentId":"video_renderer","data":{"stepId":"tsk_mueuk72d3a89c355ec_s11","toolId":"media.render"}}}
{"ts":"2026-09-24T01:23:44.978Z","level":"info","channel":"media","message":"[VIDEO_RENDER_PROGRESS] Encoding frame 101","data":{"taskId":"tsk_mueuk72d3a89c355ec","agentId":"video_renderer","data":{"stepId":"tsk_mueuk72d3a89c355ec_s11","toolId":"media.render"}}}
{"ts":"2026-09-24T01:23:45.478Z","level":"info","channel":"media","message":"[VIDEO_RENDER_PROGRESS] Encoding frame 124","data":{"taskId":"tsk_mueuk72d3a89c355ec","agentId":"video_renderer","data":{"stepId":"tsk_mueuk72d3a89c355ec_s11","toolId":"media.render"}}}
{"ts":"2026-09-24T01:23:45.978Z","level":"info","channel":"media","message":"[VIDEO_RENDER_PROGRESS] Encoding frame 152","data":{"taskId":"tsk_mueuk72d3a89c355ec","agentId":"video_renderer","data":{"stepId":"tsk_mueuk72d3a89c355ec_s11","toolId":"media.render"}}}
{"ts":"2026-09-24T01:23:46.479Z","level":"info","channel":"media","message":"[VIDEO_RENDER_PROGRESS] Encoding frame 178","data":{"taskId":"tsk_mueuk72d3a89c355ec","agentId":"video_renderer","data":{"stepId":"tsk_mueuk72d3a89c355ec_s11","toolId":"media.render"}}}
{"ts":"2026-09-24T01:23:46.557Z","level":"info","channel":"media","message":"[VIDEO_RENDER_PROGRESS] Encoding frame 193","data":{"taskId":"tsk_mueuk72d3a89c355ec","agentId":"video_renderer","data":{"stepId":"tsk_mueuk72d3a89c355ec_s11","toolId":"media.render"}}}
{"ts":"2026-09-24T01:23:46.583Z","level":"info","channel":"media","message":"[VIDEO_RENDER_PROGRESS] Encoded scene 4/7 (CHART_BARS, PAN_RIGHT)","data":{"taskId":"tsk_mueuk72d3a89c355ec","agentId":"video_renderer","data":{"stepId":"tsk_mueuk72d3a89c355ec_s11","toolId":"media.render"}}}
{"ts":"2026-09-24T01:23:46.584Z","level":"info","channel":"media","message":"Scene encoded: 4/7","data":{"agentId":"video_renderer","clip":"/app/runs/run_mueuk72d9848500bc0/renders/clip_04.mp4","motion":"PAN_RIGHT"}}
{"ts":"2026-09-24T01:23:47.155Z","level":"info","channel":"media","message":"[VIDEO_RENDER_PROGRESS] Encoding frame 0","data":{"taskId":"tsk_mueuk72d3a89c355ec","agentId":"video_renderer","data":{"stepId":"tsk_mueuk72d3a89c355ec_s11","toolId":"media.render"}}}
{"ts":"2026-09-24T01:23:47.654Z","level":"info","channel":"media","message":"[VIDEO_RENDER_PROGRESS] Encoding frame 3","data":{"taskId":"tsk_mueuk72d3a89c355ec","agentId":"video_renderer","data":{"stepId":"tsk_mueuk72d3a89c355ec_s11","toolId":"media.render"}}}
{"ts":"2026-09-24T01:23:48.155Z","level":"info","channel":"media","message":"[VIDEO_RENDER_PROGRESS] Encoding frame 19","data":{"taskId":"tsk_mueuk72d3a89c355ec","agentId":"video_renderer","data":{"stepId":"tsk_mueuk72d3a89c355ec_s11","toolId":"media.render"}}}
{"ts":"2026-09-24T01:23:48.655Z","level":"info","channel":"media","message":"[VIDEO_RENDER_PROGRESS] Encoding frame 36","data":{"taskId":"tsk_mueuk72d3a89c355ec","agentId":"video_renderer","data":{"stepId":"tsk_mueuk72d3a89c355ec_s11","toolId":"media.render"}}}
{"ts":"2026-09-24T01:23:49.155Z","level":"info","channel":"media","message":"[VIDEO_RENDER_PROGRESS] Encoding frame 55","data":{"taskId":"tsk_mueuk72d3a89c355ec","agentId":"video_renderer","data":{"stepId":"tsk_mueuk72d3a89c355ec_s11","toolId":"media.render"}}}
{"ts":"2026-09-24T01:23:49.656Z","level":"info","channel":"media","message":"[VIDEO_RENDER_PROGRESS] Encoding frame 73","data":{"taskId":"tsk_mueuk72d3a89c355ec","agentId":"video_renderer","data":{"stepId":"tsk_mueuk72d3a89c355ec_s11","toolId":"media.render"}}}
{"ts":"2026-09-24T01:23:50.155Z","level":"info","channel":"media","message":"[VIDEO_RENDER_PROGRESS] Encoding frame 95","data":{"taskId":"tsk_mueuk72d3a89c355ec","agentId":"video_renderer","data":{"stepId":"tsk_mueuk72d3a89c355ec_s11","toolId":"media.render"}}}
{"ts":"2026-09-24T01:23:50.656Z","level":"info","channel":"media","message":"[VIDEO_RENDER_PROGRESS] Encoding frame 118","data":{"taskId":"tsk_mueuk72d3a89c355ec","agentId":"video_renderer","data":{"stepId":"tsk_mueuk72d3a89c355ec_s11","toolId":"media.render"}}}
{"ts":"2026-09-24T01:23:51.156Z","level":"info","channel":"media","message":"[VIDEO_RENDER_PROGRESS] Encoding frame 144","data":{"taskId":"tsk_mueuk72d3a89c355ec","agentId":"video_renderer","data":{"stepId":"tsk_mueuk72d3a89c355ec_s11","toolId":"media.render"}}}
{"ts":"2026-09-24T01:23:51.658Z","level":"info","channel":"media","message":"[VIDEO_RENDER_PROGRESS] Encoding frame 168","data":{"taskId":"tsk_mueuk72d3a89c355ec","agentId":"video_renderer","data":{"stepId":"tsk_mueuk72d3a89c355ec_s11","toolId":"media.render"}}}
{"ts":"2026-09-24T01:23:51.864Z","level":"info","channel":"media","message":"[VIDEO_RENDER_PROGRESS] Encoding frame 193","data":{"taskId":"tsk_mueuk72d3a89c355ec","agentId":"video_renderer","data":{"stepId":"tsk_mueuk72d3a89c355ec_s11","toolId":"media.render"}}}
{"ts":"2026-09-24T01:23:51.890Z","level":"info","channel":"media","message":"[VIDEO_RENDER_PROGRESS] Encoded scene 5/7 (DIAGRAM_FLOW, PARALLAX)","data":{"taskId":"tsk_mueuk72d3a89c355ec","agentId":"video_renderer","data":{"stepId":"tsk_mueuk72d3a89c355ec_s11","toolId":"media.render"}}}
{"ts":"2026-09-24T01:23:51.890Z","level":"info","channel":"media","message":"Scene encoded: 5/7","data":{"agentId":"video_renderer","clip":"/app/runs/run_mueuk72d9848500bc0/renders/clip_05.mp4","motion":"PARALLAX"}}
{"ts":"2026-09-24T01:23:52.462Z","level":"info","channel":"media","message":"[VIDEO_RENDER_PROGRESS] Encoding frame 0","data":{"taskId":"tsk_mueuk72d3a89c355ec","agentId":"video_renderer","data":{"stepId":"tsk_mueuk72d3a89c355ec_s11","toolId":"media.render"}}}
{"ts":"2026-09-24T01:23:52.962Z","level":"info","channel":"media","message":"[VIDEO_RENDER_PROGRESS] Encoding frame 1","data":{"taskId":"tsk_mueuk72d3a89c355ec","agentId":"video_renderer","data":{"stepId":"tsk_mueuk72d3a89c355ec_s11","toolId":"media.render"}}}
{"ts":"2026-09-24T01:23:53.472Z","level":"info","channel":"media","message":"[VIDEO_RENDER_PROGRESS] Encoding frame 16","data":{"taskId":"tsk_mueuk72d3a89c355ec","agentId":"video_renderer","data":{"stepId":"tsk_mueuk72d3a89c355ec_s11","toolId":"media.render"}}}
{"ts":"2026-09-24T01:23:53.963Z","level":"info","channel":"media","message":"[VIDEO_RENDER_PROGRESS] Encoding frame 34","data":{"taskId":"tsk_mueuk72d3a89c355ec","agentId":"video_renderer","data":{"stepId":"tsk_mueuk72d3a89c355ec_s11","toolId":"media.render"}}}
{"ts":"2026-09-24T01:23:54.463Z","level":"info","channel":"media","message":"[VIDEO_RENDER_PROGRESS] Encoding frame 49","data":{"taskId":"tsk_mueuk72d3a89c355ec","agentId":"video_renderer","data":{"stepId":"tsk_mueuk72d3a89c355ec_s11","toolId":"media.render"}}}
{"ts":"2026-09-24T01:23:54.964Z","level":"info","channel":"media","message":"[VIDEO_RENDER_PROGRESS] Encoding frame 67","data":{"taskId":"tsk_mueuk72d3a89c355ec","agentId":"video_renderer","data":{"stepId":"tsk_mueuk72d3a89c355ec_s11","toolId":"media.render"}}}
{"ts":"2026-09-24T01:23:55.463Z","level":"info","channel":"media","message":"[VIDEO_RENDER_PROGRESS] Encoding frame 89","data":{"taskId":"tsk_mueuk72d3a89c355ec","agentId":"video_renderer","data":{"stepId":"tsk_mueuk72d3a89c355ec_s11","toolId":"media.render"}}}
{"ts":"2026-09-24T01:23:55.963Z","level":"info","channel":"media","message":"[VIDEO_RENDER_PROGRESS] Encoding frame 116","data":{"taskId":"tsk_mueuk72d3a89c355ec","agentId":"video_renderer","data":{"stepId":"tsk_mueuk72d3a89c355ec_s11","toolId":"media.render"}}}
{"ts":"2026-09-24T01:23:56.464Z","level":"info","channel":"media","message":"[VIDEO_RENDER_PROGRESS] Encoding frame 143","data":{"taskId":"tsk_mueuk72d3a89c355ec","agentId":"video_renderer","data":{"stepId":"tsk_mueuk72d3a89c355ec_s11","toolId":"media.render"}}}
{"ts":"2026-09-24T01:23:56.964Z","level":"info","channel":"media","message":"[VIDEO_RENDER_PROGRESS] Encoding frame 166","data":{"taskId":"tsk_mueuk72d3a89c355ec","agentId":"video_renderer","data":{"stepId":"tsk_mueuk72d3a89c355ec_s11","toolId":"media.render"}}}
{"ts":"2026-09-24T01:23:57.229Z","level":"info","channel":"media","message":"[VIDEO_RENDER_PROGRESS] Encoding frame 193","data":{"taskId":"tsk_mueuk72d3a89c355ec","agentId":"video_renderer","data":{"stepId":"tsk_mueuk72d3a89c355ec_s11","toolId":"media.render"}}}
{"ts":"2026-09-24T01:23:57.255Z","level":"info","channel":"media","message":"[VIDEO_RENDER_PROGRESS] Encoded scene 6/7 (STAT_CALLOUT, ROTATE)","data":{"taskId":"tsk_mueuk72d3a89c355ec","agentId":"video_renderer","data":{"stepId":"tsk_mueuk72d3a89c355ec_s11","toolId":"media.render"}}}
{"ts":"2026-09-24T01:23:57.256Z","level":"info","channel":"media","message":"Scene encoded: 6/7","data":{"agentId":"video_renderer","clip":"/app/runs/run_mueuk72d9848500bc0/renders/clip_06.mp4","motion":"ROTATE"}}
{"ts":"2026-09-24T01:23:57.807Z","level":"info","channel":"media","message":"[VIDEO_RENDER_PROGRESS] Encoding frame 0","data":{"taskId":"tsk_mueuk72d3a89c355ec","agentId":"video_renderer","data":{"stepId":"tsk_mueuk72d3a89c355ec_s11","toolId":"media.render"}}}
{"ts":"2026-09-24T01:23:58.307Z","level":"info","channel":"media","message":"[VIDEO_RENDER_PROGRESS] Encoding frame 9","data":{"taskId":"tsk_mueuk72d3a89c355ec","agentId":"video_renderer","data":{"stepId":"tsk_mueuk72d3a89c355ec_s11","toolId":"media.render"}}}
{"ts":"2026-09-24T01:23:58.808Z","level":"info","channel":"media","message":"[VIDEO_RENDER_PROGRESS] Encoding frame 28","data":{"taskId":"tsk_mueuk72d3a89c355ec","agentId":"video_renderer","data":{"stepId":"tsk_mueuk72d3a89c355ec_s11","toolId":"media.render"}}}
{"ts":"2026-09-24T01:23:59.307Z","level":"info","channel":"media","message":"[VIDEO_RENDER_PROGRESS] Encoding frame 50","data":{"taskId":"tsk_mueuk72d3a89c355ec","agentId":"video_renderer","data":{"stepId":"tsk_mueuk72d3a89c355ec_s11","toolId":"media.render"}}}
{"ts":"2026-09-24T01:23:59.807Z","level":"info","channel":"media","message":"[VIDEO_RENDER_PROGRESS] Encoding frame 71","data":{"taskId":"tsk_mueuk72d3a89c355ec","agentId":"video_renderer","data":{"stepId":"tsk_mueuk72d3a89c355ec_s11","toolId":"media.render"}}}
{"ts":"2026-09-24T01:24:00.308Z","level":"info","channel":"media","message":"[VIDEO_RENDER_PROGRESS] Encoding frame 92","data":{"taskId":"tsk_mueuk72d3a89c355ec","agentId":"video_renderer","data":{"stepId":"tsk_mueuk72d3a89c355ec_s11","toolId":"media.render"}}}
{"ts":"2026-09-24T01:24:00.808Z","level":"info","channel":"media","message":"[VIDEO_RENDER_PROGRESS] Encoding frame 110","data":{"taskId":"tsk_mueuk72d3a89c355ec","agentId":"video_renderer","data":{"stepId":"tsk_mueuk72d3a89c355ec_s11","toolId":"media.render"}}}
{"ts":"2026-09-24T01:24:01.308Z","level":"info","channel":"media","message":"[VIDEO_RENDER_PROGRESS] Encoding frame 130","data":{"taskId":"tsk_mueuk72d3a89c355ec","agentId":"video_renderer","data":{"stepId":"tsk_mueuk72d3a89c355ec_s11","toolId":"media.render"}}}
{"ts":"2026-09-24T01:24:01.808Z","level":"info","channel":"media","message":"[VIDEO_RENDER_PROGRESS] Encoding frame 153","data":{"taskId":"tsk_mueuk72d3a89c355ec","agentId":"video_renderer","data":{"stepId":"tsk_mueuk72d3a89c355ec_s11","toolId":"media.render"}}}
{"ts":"2026-09-24T01:24:02.308Z","level":"info","channel":"media","message":"[VIDEO_RENDER_PROGRESS] Encoding frame 178","data":{"taskId":"tsk_mueuk72d3a89c355ec","agentId":"video_renderer","data":{"stepId":"tsk_mueuk72d3a89c355ec_s11","toolId":"media.render"}}}
{"ts":"2026-09-24T01:24:02.395Z","level":"info","channel":"media","message":"[VIDEO_RENDER_PROGRESS] Encoding frame 193","data":{"taskId":"tsk_mueuk72d3a89c355ec","agentId":"video_renderer","data":{"stepId":"tsk_mueuk72d3a89c355ec_s11","toolId":"media.render"}}}
{"ts":"2026-09-24T01:24:02.418Z","level":"info","channel":"media","message":"[VIDEO_RENDER_PROGRESS] Encoded scene 7/7 (TIMELINE, ZOOM_IN)","data":{"taskId":"tsk_mueuk72d3a89c355ec","agentId":"video_renderer","data":{"stepId":"tsk_mueuk72d3a89c355ec_s11","toolId":"media.render"}}}
{"ts":"2026-09-24T01:24:02.418Z","level":"info","channel":"media","message":"Scene encoded: 7/7","data":{"agentId":"video_renderer","clip":"/app/runs/run_mueuk72d9848500bc0/renders/clip_07.mp4","motion":"ZOOM_IN"}}
{"ts":"2026-09-24T01:24:02.541Z","level":"error","channel":"media","message":"Render FAILED_VALIDATION: audio codec: expected aac, got missing; stream count: expected >= 2, got 1","data":{"agentId":"video_renderer"}}
{"ts":"2026-09-24T01:25:28.392Z","level":"info","channel":"media","message":"[VIDEO_RENDER_PROGRESS] Rendered frame 1/7 (TITLE_CARD, 252.9 KB)","data":{"taskId":"tsk_mueuni1kb884b42be5","agentId":"visual_agent","data":{"stepId":"tsk_mueuni1kb884b42be5_s07","toolId":"visuals.render"}}}
{"ts":"2026-09-24T01:25:28.392Z","level":"info","channel":"media","message":"Frame rendered: scene 1 (TITLE_CARD)","data":{"agentId":"visual_agent","bytes":259010}}
{"ts":"2026-09-24T01:25:28.895Z","level":"info","channel":"media","message":"[VIDEO_RENDER_PROGRESS] Rendered frame 2/7 (PARALLAX_CROP, 293.3 KB)","data":{"taskId":"tsk_mueuni1kb884b42be5","agentId":"visual_agent","data":{"stepId":"tsk_mueuni1kb884b42be5_s07","toolId":"visuals.render"}}}
{"ts":"2026-09-24T01:25:28.895Z","level":"info","channel":"media","message":"Frame rendered: scene 2 (PARALLAX_CROP)","data":{"agentId":"visual_agent","bytes":300321}}
{"ts":"2026-09-24T01:25:29.309Z","level":"info","channel":"media","message":"[VIDEO_RENDER_PROGRESS] Rendered frame 3/7 (MECHANISM_STEPS, 237.8 KB)","data":{"taskId":"tsk_mueuni1kb884b42be5","agentId":"visual_agent","data":{"stepId":"tsk_mueuni1kb884b42be5_s07","toolId":"visuals.render"}}}
{"ts":"2026-09-24T01:25:29.309Z","level":"info","channel":"media","message":"Frame rendered: scene 3 (MECHANISM_STEPS)","data":{"agentId":"visual_agent","bytes":243558}}
{"ts":"2026-09-24T01:25:29.736Z","level":"info","channel":"media","message":"[VIDEO_RENDER_PROGRESS] Rendered frame 4/7 (CHART_BARS, 224.8 KB)","data":{"taskId":"tsk_mueuni1kb884b42be5","agentId":"visual_agent","data":{"stepId":"tsk_mueuni1kb884b42be5_s07","toolId":"visuals.render"}}}
{"ts":"2026-09-24T01:25:29.736Z","level":"info","channel":"media","message":"Frame rendered: scene 4 (CHART_BARS)","data":{"agentId":"visual_agent","bytes":230176}}
{"ts":"2026-09-24T01:25:30.154Z","level":"info","channel":"media","message":"[VIDEO_RENDER_PROGRESS] Rendered frame 5/7 (DIAGRAM_FLOW, 202.4 KB)","data":{"taskId":"tsk_mueuni1kb884b42be5","agentId":"visual_agent","data":{"stepId":"tsk_mueuni1kb884b42be5_s07","toolId":"visuals.render"}}}
{"ts":"2026-09-24T01:25:30.154Z","level":"info","channel":"media","message":"Frame rendered: scene 5 (DIAGRAM_FLOW)","data":{"agentId":"visual_agent","bytes":207267}}
{"ts":"2026-09-24T01:25:30.650Z","level":"info","channel":"media","message":"[VIDEO_RENDER_PROGRESS] Rendered frame 6/7 (STAT_CALLOUT, 272.1 KB)","data":{"taskId":"tsk_mueuni1kb884b42be5","agentId":"visual_agent","data":{"stepId":"tsk_mueuni1kb884b42be5_s07","toolId":"visuals.render"}}}
{"ts":"2026-09-24T01:25:30.650Z","level":"info","channel":"media","message":"Frame rendered: scene 6 (STAT_CALLOUT)","data":{"agentId":"visual_agent","bytes":278596}}
{"ts":"2026-09-24T01:25:31.019Z","level":"info","channel":"media","message":"[VIDEO_RENDER_PROGRESS] Rendered frame 7/7 (TIMELINE, 212.8 KB)","data":{"taskId":"tsk_mueuni1kb884b42be5","agentId":"visual_agent","data":{"stepId":"tsk_mueuni1kb884b42be5_s07","toolId":"visuals.render"}}}
{"ts":"2026-09-24T01:25:31.020Z","level":"info","channel":"media","message":"Frame rendered: scene 7 (TIMELINE)","data":{"agentId":"visual_agent","bytes":217942}}
{"ts":"2026-09-24T01:25:37.446Z","level":"info","channel":"media","message":"[VIDEO_RENDER_PROGRESS] Captions composed for scene 1/7","data":{"taskId":"tsk_mueuni1kb884b42be5","agentId":"video_renderer","data":{"stepId":"tsk_mueuni1kb884b42be5_s10","toolId":"captions.render"}}}
{"ts":"2026-09-24T01:25:37.704Z","level":"info","channel":"media","message":"[VIDEO_RENDER_PROGRESS] Captions composed for scene 2/7","data":{"taskId":"tsk_mueuni1kb884b42be5","agentId":"video_renderer","data":{"stepId":"tsk_mueuni1kb884b42be5_s10","toolId":"captions.render"}}}
{"ts":"2026-09-24T01:25:37.984Z","level":"info","channel":"media","message":"[VIDEO_RENDER_PROGRESS] Captions composed for scene 3/7","data":{"taskId":"tsk_mueuni1kb884b42be5","agentId":"video_renderer","data":{"stepId":"tsk_mueuni1kb884b42be5_s10","toolId":"captions.render"}}}
{"ts":"2026-09-24T01:25:38.290Z","level":"info","channel":"media","message":"[VIDEO_RENDER_PROGRESS] Captions composed for scene 4/7","data":{"taskId":"tsk_mueuni1kb884b42be5","agentId":"video_renderer","data":{"stepId":"tsk_mueuni1kb884b42be5_s10","toolId":"captions.render"}}}
{"ts":"2026-09-24T01:25:38.656Z","level":"info","channel":"media","message":"[VIDEO_RENDER_PROGRESS] Captions composed for scene 5/7","data":{"taskId":"tsk_mueuni1kb884b42be5","agentId":"video_renderer","data":{"stepId":"tsk_mueuni1kb884b42be5_s10","toolId":"captions.render"}}}
{"ts":"2026-09-24T01:25:39.008Z","level":"info","channel":"media","message":"[VIDEO_RENDER_PROGRESS] Captions composed for scene 6/7","data":{"taskId":"tsk_mueuni1kb884b42be5","agentId":"video_renderer","data":{"stepId":"tsk_mueuni1kb884b42be5_s10","toolId":"captions.render"}}}
{"ts":"2026-09-24T01:25:39.161Z","level":"info","channel":"media","message":"[VIDEO_RENDER_PROGRESS] Captions composed for scene 7/7","data":{"taskId":"tsk_mueuni1kb884b42be5","agentId":"video_renderer","data":{"stepId":"tsk_mueuni1kb884b42be5_s10","toolId":"captions.render"}}}
{"ts":"2026-09-24T01:25:48.470Z","level":"info","channel":"media","message":"[VIDEO_RENDER_PROGRESS] Encoding frame 0","data":{"taskId":"tsk_mueuni1kb884b42be5","agentId":"video_renderer","data":{"stepId":"tsk_mueuni1kb884b42be5_s11","toolId":"media.render"}}}
{"ts":"2026-09-24T01:25:48.971Z","level":"info","channel":"media","message":"[VIDEO_RENDER_PROGRESS] Encoding frame 2","data":{"taskId":"tsk_mueuni1kb884b42be5","agentId":"video_renderer","data":{"stepId":"tsk_mueuni1kb884b42be5_s11","toolId":"media.render"}}}
{"ts":"2026-09-24T01:25:49.507Z","level":"info","channel":"media","message":"[VIDEO_RENDER_PROGRESS] Encoding frame 18","data":{"taskId":"tsk_mueuni1kb884b42be5","agentId":"video_renderer","data":{"stepId":"tsk_mueuni1kb884b42be5_s11","toolId":"media.render"}}}
{"ts":"2026-09-24T01:25:49.971Z","level":"info","channel":"media","message":"[VIDEO_RENDER_PROGRESS] Encoding frame 33","data":{"taskId":"tsk_mueuni1kb884b42be5","agentId":"video_renderer","data":{"stepId":"tsk_mueuni1kb884b42be5_s11","toolId":"media.render"}}}
{"ts":"2026-09-24T01:25:50.471Z","level":"info","channel":"media","message":"[VIDEO_RENDER_PROGRESS] Encoding frame 46","data":{"taskId":"tsk_mueuni1kb884b42be5","agentId":"video_renderer","data":{"stepId":"tsk_mueuni1kb884b42be5_s11","toolId":"media.render"}}}
{"ts":"2026-09-24T01:25:50.975Z","level":"info","channel":"media","message":"[VIDEO_RENDER_PROGRESS] Encoding frame 61","data":{"taskId":"tsk_mueuni1kb884b42be5","agentId":"video_renderer","data":{"stepId":"tsk_mueuni1kb884b42be5_s11","toolId":"media.render"}}}
{"ts":"2026-09-24T01:25:51.472Z","level":"info","channel":"media","message":"[VIDEO_RENDER_PROGRESS] Encoding frame 76","data":{"taskId":"tsk_mueuni1kb884b42be5","agentId":"video_renderer","data":{"stepId":"tsk_mueuni1kb884b42be5_s11","toolId":"media.render"}}}
{"ts":"2026-09-24T01:25:51.972Z","level":"info","channel":"media","message":"[VIDEO_RENDER_PROGRESS] Encoding frame 96","data":{"taskId":"tsk_mueuni1kb884b42be5","agentId":"video_renderer","data":{"stepId":"tsk_mueuni1kb884b42be5_s11","toolId":"media.render"}}}
{"ts":"2026-09-24T01:25:52.472Z","level":"info","channel":"media","message":"[VIDEO_RENDER_PROGRESS] Encoding frame 123","data":{"taskId":"tsk_mueuni1kb884b42be5","agentId":"video_renderer","data":{"stepId":"tsk_mueuni1kb884b42be5_s11","toolId":"media.render"}}}
{"ts":"2026-09-24T01:25:52.972Z","level":"info","channel":"media","message":"[VIDEO_RENDER_PROGRESS] Encoding frame 149","data":{"taskId":"tsk_mueuni1kb884b42be5","agentId":"video_renderer","data":{"stepId":"tsk_mueuni1kb884b42be5_s11","toolId":"media.render"}}}
{"ts":"2026-09-24T01:25:53.472Z","level":"info","channel":"media","message":"[VIDEO_RENDER_PROGRESS] Encoding frame 170","data":{"taskId":"tsk_mueuni1kb884b42be5","agentId":"video_renderer","data":{"stepId":"tsk_mueuni1kb884b42be5_s11","toolId":"media.render"}}}
{"ts":"2026-09-24T01:25:53.677Z","level":"info","channel":"media","message":"[VIDEO_RENDER_PROGRESS] Encoding frame 193","data":{"taskId":"tsk_mueuni1kb884b42be5","agentId":"video_renderer","data":{"stepId":"tsk_mueuni1kb884b42be5_s11","toolId":"media.render"}}}
{"ts":"2026-09-24T01:25:53.704Z","level":"info","channel":"media","message":"[VIDEO_RENDER_PROGRESS] Encoded scene 1/7 (TITLE_CARD, ZOOM_IN)","data":{"taskId":"tsk_mueuni1kb884b42be5","agentId":"video_renderer","data":{"stepId":"tsk_mueuni1kb884b42be5_s11","toolId":"media.render"}}}
{"ts":"2026-09-24T01:25:53.704Z","level":"info","channel":"media","message":"Scene encoded: 1/7","data":{"agentId":"video_renderer","clip":"/app/runs/run_mueuni1kd7bd414241/renders/clip_01.mp4","motion":"ZOOM_IN"}}
{"ts":"2026-09-24T01:25:54.279Z","level":"info","channel":"media","message":"[VIDEO_RENDER_PROGRESS] Encoding frame 0","data":{"taskId":"tsk_mueuni1kb884b42be5","agentId":"video_renderer","data":{"stepId":"tsk_mueuni1kb884b42be5_s11","toolId":"media.render"}}}
{"ts":"2026-09-24T01:25:54.780Z","level":"info","channel":"media","message":"[VIDEO_RENDER_PROGRESS] Encoding frame 0","data":{"taskId":"tsk_mueuni1kb884b42be5","agentId":"video_renderer","data":{"stepId":"tsk_mueuni1kb884b42be5_s11","toolId":"media.render"}}}
{"ts":"2026-09-24T01:25:55.279Z","level":"info","channel":"media","message":"[VIDEO_RENDER_PROGRESS] Encoding frame 11","data":{"taskId":"tsk_mueuni1kb884b42be5","agentId":"video_renderer","data":{"stepId":"tsk_mueuni1kb884b42be5_s11","toolId":"media.render"}}}
{"ts":"2026-09-24T01:25:55.780Z","level":"info","channel":"media","message":"[VIDEO_RENDER_PROGRESS] Encoding frame 25","data":{"taskId":"tsk_mueuni1kb884b42be5","agentId":"video_renderer","data":{"stepId":"tsk_mueuni1kb884b42be5_s11","toolId":"media.render"}}}
{"ts":"2026-09-24T01:25:56.279Z","level":"info","channel":"media","message":"[VIDEO_RENDER_PROGRESS] Encoding frame 43","data":{"taskId":"tsk_mueuni1kb884b42be5","agentId":"video_renderer","data":{"stepId":"tsk_mueuni1kb884b42be5_s11","toolId":"media.render"}}}
{"ts":"2026-09-24T01:25:56.781Z","level":"info","channel":"media","message":"[VIDEO_RENDER_PROGRESS] Encoding frame 62","data":{"taskId":"tsk_mueuni1kb884b42be5","agentId":"video_renderer","data":{"stepId":"tsk_mueuni1kb884b42be5_s11","toolId":"media.render"}}}
{"ts":"2026-09-24T01:25:57.280Z","level":"info","channel":"media","message":"[VIDEO_RENDER_PROGRESS] Encoding frame 84","data":{"taskId":"tsk_mueuni1kb884b42be5","agentId":"video_renderer","data":{"stepId":"tsk_mueuni1kb884b42be5_s11","toolId":"media.render"}}}
{"ts":"2026-09-24T01:25:57.780Z","level":"info","channel":"media","message":"[VIDEO_RENDER_PROGRESS] Encoding frame 108","data":{"taskId":"tsk_mueuni1kb884b42be5","agentId":"video_renderer","data":{"stepId":"tsk_mueuni1kb884b42be5_s11","toolId":"media.render"}}}
{"ts":"2026-09-24T01:25:58.280Z","level":"info","channel":"media","message":"[VIDEO_RENDER_PROGRESS] Encoding frame 135","data":{"taskId":"tsk_mueuni1kb884b42be5","agentId":"video_renderer","data":{"stepId":"tsk_mueuni1kb884b42be5_s11","toolId":"media.render"}}}
{"ts":"2026-09-24T01:25:58.781Z","level":"info","channel":"media","message":"[VIDEO_RENDER_PROGRESS] Encoding frame 162","data":{"taskId":"tsk_mueuni1kb884b42be5","agentId":"video_renderer","data":{"stepId":"tsk_mueuni1kb884b42be5_s11","toolId":"media.render"}}}
{"ts":"2026-09-24T01:25:59.095Z","level":"info","channel":"media","message":"[VIDEO_RENDER_PROGRESS] Encoding frame 193","data":{"taskId":"tsk_mueuni1kb884b42be5","agentId":"video_renderer","data":{"stepId":"tsk_mueuni1kb884b42be5_s11","toolId":"media.render"}}}
{"ts":"2026-09-24T01:25:59.119Z","level":"info","channel":"media","message":"[VIDEO_RENDER_PROGRESS] Encoded scene 2/7 (PARALLAX_CROP, PAN_LEFT)","data":{"taskId":"tsk_mueuni1kb884b42be5","agentId":"video_renderer","data":{"stepId":"tsk_mueuni1kb884b42be5_s11","toolId":"media.render"}}}
{"ts":"2026-09-24T01:25:59.120Z","level":"info","channel":"media","message":"Scene encoded: 2/7","data":{"agentId":"video_renderer","clip":"/app/runs/run_mueuni1kd7bd414241/renders/clip_02.mp4","motion":"PAN_LEFT"}}
{"ts":"2026-09-24T01:25:59.691Z","level":"info","channel":"media","message":"[VIDEO_RENDER_PROGRESS] Encoding frame 0","data":{"taskId":"tsk_mueuni1kb884b42be5","agentId":"video_renderer","data":{"stepId":"tsk_mueuni1kb884b42be5_s11","toolId":"media.render"}}}
{"ts":"2026-09-24T01:26:00.191Z","level":"info","channel":"media","message":"[VIDEO_RENDER_PROGRESS] Encoding frame 3","data":{"taskId":"tsk_mueuni1kb884b42be5","agentId":"video_renderer","data":{"stepId":"tsk_mueuni1kb884b42be5_s11","toolId":"media.render"}}}
{"ts":"2026-09-24T01:26:00.691Z","level":"info","channel":"media","message":"[VIDEO_RENDER_PROGRESS] Encoding frame 19","data":{"taskId":"tsk_mueuni1kb884b42be5","agentId":"video_renderer","data":{"stepId":"tsk_mueuni1kb884b42be5_s11","toolId":"media.render"}}}
{"ts":"2026-09-24T01:26:01.191Z","level":"info","channel":"media","message":"[VIDEO_RENDER_PROGRESS] Encoding frame 37","data":{"taskId":"tsk_mueuni1kb884b42be5","agentId":"video_renderer","data":{"stepId":"tsk_mueuni1kb884b42be5_s11","toolId":"media.render"}}}
{"ts":"2026-09-24T01:26:01.691Z","level":"info","channel":"media","message":"[VIDEO_RENDER_PROGRESS] Encoding frame 58","data":{"taskId":"tsk_mueuni1kb884b42be5","agentId":"video_renderer","data":{"stepId":"tsk_mueuni1kb884b42be5_s11","toolId":"media.render"}}}
{"ts":"2026-09-24T01:26:02.192Z","level":"info","channel":"media","message":"[VIDEO_RENDER_PROGRESS] Encoding frame 79","data":{"taskId":"tsk_mueuni1kb884b42be5","agentId":"video_renderer","data":{"stepId":"tsk_mueuni1kb884b42be5_s11","toolId":"media.render"}}}
{"ts":"2026-09-24T01:26:02.692Z","level":"info","channel":"media","message":"[VIDEO_RENDER_PROGRESS] Encoding frame 99","data":{"taskId":"tsk_mueuni1kb884b42be5","agentId":"video_renderer","data":{"stepId":"tsk_mueuni1kb884b42be5_s11","toolId":"media.render"}}}
{"ts":"2026-09-24T01:26:03.192Z","level":"info","channel":"media","message":"[VIDEO_RENDER_PROGRESS] Encoding frame 121","data":{"taskId":"tsk_mueuni1kb884b42be5","agentId":"video_renderer","data":{"stepId":"tsk_mueuni1kb884b42be5_s11","toolId":"media.render"}}}
{"ts":"2026-09-24T01:26:03.693Z","level":"info","channel":"media","message":"[VIDEO_RENDER_PROGRESS] Encoding frame 145","data":{"taskId":"tsk_mueuni1kb884b42be5","agentId":"video_renderer","data":{"stepId":"tsk_mueuni1kb884b42be5_s11","toolId":"media.render"}}}
{"ts":"2026-09-24T01:26:04.193Z","level":"info","channel":"media","message":"[VIDEO_RENDER_PROGRESS] Encoding frame 167","data":{"taskId":"tsk_mueuni1kb884b42be5","agentId":"video_renderer","data":{"stepId":"tsk_mueuni1kb884b42be5_s11","toolId":"media.render"}}}
{"ts":"2026-09-24T01:26:04.415Z","level":"info","channel":"media","message":"[VIDEO_RENDER_PROGRESS] Encoding frame 193","data":{"taskId":"tsk_mueuni1kb884b42be5","agentId":"video_renderer","data":{"stepId":"tsk_mueuni1kb884b42be5_s11","toolId":"media.render"}}}
{"ts":"2026-09-24T01:26:04.447Z","level":"info","channel":"media","message":"[VIDEO_RENDER_PROGRESS] Encoded scene 3/7 (MECHANISM_STEPS, ZOOM_OUT)","data":{"taskId":"tsk_mueuni1kb884b42be5","agentId":"video_renderer","data":{"stepId":"tsk_mueuni1kb884b42be5_s11","toolId":"media.render"}}}
{"ts":"2026-09-24T01:26:04.447Z","level":"info","channel":"media","message":"Scene encoded: 3/7","data":{"agentId":"video_renderer","clip":"/app/runs/run_mueuni1kd7bd414241/renders/clip_03.mp4","motion":"ZOOM_OUT"}}
{"ts":"2026-09-24T01:26:05.018Z","level":"info","channel":"media","message":"[VIDEO_RENDER_PROGRESS] Encoding frame 0","data":{"taskId":"tsk_mueuni1kb884b42be5","agentId":"video_renderer","data":{"stepId":"tsk_mueuni1kb884b42be5_s11","toolId":"media.render"}}}
{"ts":"2026-09-24T01:26:05.518Z","level":"info","channel":"media","message":"[VIDEO_RENDER_PROGRESS] Encoding frame 3","data":{"taskId":"tsk_mueuni1kb884b42be5","agentId":"video_renderer","data":{"stepId":"tsk_mueuni1kb884b42be5_s11","toolId":"media.render"}}}
{"ts":"2026-09-24T01:26:06.018Z","level":"info","channel":"media","message":"[VIDEO_RENDER_PROGRESS] Encoding frame 18","data":{"taskId":"tsk_mueuni1kb884b42be5","agentId":"video_renderer","data":{"stepId":"tsk_mueuni1kb884b42be5_s11","toolId":"media.render"}}}
{"ts":"2026-09-24T01:26:06.518Z","level":"info","channel":"media","message":"[VIDEO_RENDER_PROGRESS] Encoding frame 36","data":{"taskId":"tsk_mueuni1kb884b42be5","agentId":"video_renderer","data":{"stepId":"tsk_mueuni1kb884b42be5_s11","toolId":"media.render"}}}
{"ts":"2026-09-24T01:26:07.019Z","level":"info","channel":"media","message":"[VIDEO_RENDER_PROGRESS] Encoding frame 58","data":{"taskId":"tsk_mueuni1kb884b42be5","agentId":"video_renderer","data":{"stepId":"tsk_mueuni1kb884b42be5_s11","toolId":"media.render"}}}
{"ts":"2026-09-24T01:26:07.519Z","level":"info","channel":"media","message":"[VIDEO_RENDER_PROGRESS] Encoding frame 80","data":{"taskId":"tsk_mueuni1kb884b42be5","agentId":"video_renderer","data":{"stepId":"tsk_mueuni1kb884b42be5_s11","toolId":"media.render"}}}
{"ts":"2026-09-24T01:26:08.019Z","level":"info","channel":"media","message":"[VIDEO_RENDER_PROGRESS] Encoding frame 102","data":{"taskId":"tsk_mueuni1kb884b42be5","agentId":"video_renderer","data":{"stepId":"tsk_mueuni1kb884b42be5_s11","toolId":"media.render"}}}
{"ts":"2026-09-24T01:26:08.520Z","level":"info","channel":"media","message":"[VIDEO_RENDER_PROGRESS] Encoding frame 124","data":{"taskId":"tsk_mueuni1kb884b42be5","agentId":"video_renderer","data":{"stepId":"tsk_mueuni1kb884b42be5_s11","toolId":"media.render"}}}
{"ts":"2026-09-24T01:26:09.019Z","level":"info","channel":"media","message":"[VIDEO_RENDER_PROGRESS] Encoding frame 151","data":{"taskId":"tsk_mueuni1kb884b42be5","agentId":"video_renderer","data":{"stepId":"tsk_mueuni1kb884b42be5_s11","toolId":"media.render"}}}
{"ts":"2026-09-24T01:26:09.519Z","level":"info","channel":"media","message":"[VIDEO_RENDER_PROGRESS] Encoding frame 187","data":{"taskId":"tsk_mueuni1kb884b42be5","agentId":"video_renderer","data":{"stepId":"tsk_mueuni1kb884b42be5_s11","toolId":"media.render"}}}
{"ts":"2026-09-24T01:26:09.544Z","level":"info","channel":"media","message":"[VIDEO_RENDER_PROGRESS] Encoding frame 193","data":{"taskId":"tsk_mueuni1kb884b42be5","agentId":"video_renderer","data":{"stepId":"tsk_mueuni1kb884b42be5_s11","toolId":"media.render"}}}
{"ts":"2026-09-24T01:26:09.568Z","level":"info","channel":"media","message":"[VIDEO_RENDER_PROGRESS] Encoded scene 4/7 (CHART_BARS, PAN_RIGHT)","data":{"taskId":"tsk_mueuni1kb884b42be5","agentId":"video_renderer","data":{"stepId":"tsk_mueuni1kb884b42be5_s11","toolId":"media.render"}}}
{"ts":"2026-09-24T01:26:09.568Z","level":"info","channel":"media","message":"Scene encoded: 4/7","data":{"agentId":"video_renderer","clip":"/app/runs/run_mueuni1kd7bd414241/renders/clip_04.mp4","motion":"PAN_RIGHT"}}
{"ts":"2026-09-24T01:26:10.139Z","level":"info","channel":"media","message":"[VIDEO_RENDER_PROGRESS] Encoding frame 0","data":{"taskId":"tsk_mueuni1kb884b42be5","agentId":"video_renderer","data":{"stepId":"tsk_mueuni1kb884b42be5_s11","toolId":"media.render"}}}
{"ts":"2026-09-24T01:26:10.638Z","level":"info","channel":"media","message":"[VIDEO_RENDER_PROGRESS] Encoding frame 0","data":{"taskId":"tsk_mueuni1kb884b42be5","agentId":"video_renderer","data":{"stepId":"tsk_mueuni1kb884b42be5_s11","toolId":"media.render"}}}
{"ts":"2026-09-24T01:26:11.138Z","level":"info","channel":"media","message":"[VIDEO_RENDER_PROGRESS] Encoding frame 16","data":{"taskId":"tsk_mueuni1kb884b42be5","agentId":"video_renderer","data":{"stepId":"tsk_mueuni1kb884b42be5_s11","toolId":"media.render"}}}
{"ts":"2026-09-24T01:26:11.639Z","level":"info","channel":"media","message":"[VIDEO_RENDER_PROGRESS] Encoding frame 35","data":{"taskId":"tsk_mueuni1kb884b42be5","agentId":"video_renderer","data":{"stepId":"tsk_mueuni1kb884b42be5_s11","toolId":"media.render"}}}
{"ts":"2026-09-24T01:26:12.139Z","level":"info","channel":"media","message":"[VIDEO_RENDER_PROGRESS] Encoding frame 51","data":{"taskId":"tsk_mueuni1kb884b42be5","agentId":"video_renderer","data":{"stepId":"tsk_mueuni1kb884b42be5_s11","toolId":"media.render"}}}
{"ts":"2026-09-24T01:26:12.639Z","level":"info","channel":"media","message":"[VIDEO_RENDER_PROGRESS] Encoding frame 70","data":{"taskId":"tsk_mueuni1kb884b42be5","agentId":"video_renderer","data":{"stepId":"tsk_mueuni1kb884b42be5_s11","toolId":"media.render"}}}
{"ts":"2026-09-24T01:26:13.139Z","level":"info","channel":"media","message":"[VIDEO_RENDER_PROGRESS] Encoding frame 92","data":{"taskId":"tsk_mueuni1kb884b42be5","agentId":"video_renderer","data":{"stepId":"tsk_mueuni1kb884b42be5_s11","toolId":"media.render"}}}
{"ts":"2026-09-24T01:26:13.639Z","level":"info","channel":"media","message":"[VIDEO_RENDER_PROGRESS] Encoding frame 120","data":{"taskId":"tsk_mueuni1kb884b42be5","agentId":"video_renderer","data":{"stepId":"tsk_mueuni1kb884b42be5_s11","toolId":"media.render"}}}
{"ts":"2026-09-24T01:26:14.140Z","level":"info","channel":"media","message":"[VIDEO_RENDER_PROGRESS] Encoding frame 149","data":{"taskId":"tsk_mueuni1kb884b42be5","agentId":"video_renderer","data":{"stepId":"tsk_mueuni1kb884b42be5_s11","toolId":"media.render"}}}
{"ts":"2026-09-24T01:26:14.640Z","level":"info","channel":"media","message":"[VIDEO_RENDER_PROGRESS] Encoding frame 184","data":{"taskId":"tsk_mueuni1kb884b42be5","agentId":"video_renderer","data":{"stepId":"tsk_mueuni1kb884b42be5_s11","toolId":"media.render"}}}
{"ts":"2026-09-24T01:26:14.676Z","level":"info","channel":"media","message":"[VIDEO_RENDER_PROGRESS] Encoding frame 193","data":{"taskId":"tsk_mueuni1kb884b42be5","agentId":"video_renderer","data":{"stepId":"tsk_mueuni1kb884b42be5_s11","toolId":"media.render"}}}
{"ts":"2026-09-24T01:26:14.700Z","level":"info","channel":"media","message":"[VIDEO_RENDER_PROGRESS] Encoded scene 5/7 (DIAGRAM_FLOW, PARALLAX)","data":{"taskId":"tsk_mueuni1kb884b42be5","agentId":"video_renderer","data":{"stepId":"tsk_mueuni1kb884b42be5_s11","toolId":"media.render"}}}
{"ts":"2026-09-24T01:26:14.700Z","level":"info","channel":"media","message":"Scene encoded: 5/7","data":{"agentId":"video_renderer","clip":"/app/runs/run_mueuni1kd7bd414241/renders/clip_05.mp4","motion":"PARALLAX"}}
{"ts":"2026-09-24T01:26:15.271Z","level":"info","channel":"media","message":"[VIDEO_RENDER_PROGRESS] Encoding frame 0","data":{"taskId":"tsk_mueuni1kb884b42be5","agentId":"video_renderer","data":{"stepId":"tsk_mueuni1kb884b42be5_s11","toolId":"media.render"}}}
{"ts":"2026-09-24T01:26:15.771Z","level":"info","channel":"media","message":"[VIDEO_RENDER_PROGRESS] Encoding frame 3","data":{"taskId":"tsk_mueuni1kb884b42be5","agentId":"video_renderer","data":{"stepId":"tsk_mueuni1kb884b42be5_s11","toolId":"media.render"}}}
{"ts":"2026-09-24T01:26:16.271Z","level":"info","channel":"media","message":"[VIDEO_RENDER_PROGRESS] Encoding frame 21","data":{"taskId":"tsk_mueuni1kb884b42be5","agentId":"video_renderer","data":{"stepId":"tsk_mueuni1kb884b42be5_s11","toolId":"media.render"}}}
{"ts":"2026-09-24T01:26:16.775Z","level":"info","channel":"media","message":"[VIDEO_RENDER_PROGRESS] Encoding frame 38","data":{"taskId":"tsk_mueuni1kb884b42be5","agentId":"video_renderer","data":{"stepId":"tsk_mueuni1kb884b42be5_s11","toolId":"media.render"}}}
{"ts":"2026-09-24T01:26:17.285Z","level":"info","channel":"media","message":"[VIDEO_RENDER_PROGRESS] Encoding frame 54","data":{"taskId":"tsk_mueuni1kb884b42be5","agentId":"video_renderer","data":{"stepId":"tsk_mueuni1kb884b42be5_s11","toolId":"media.render"}}}
{"ts":"2026-09-24T01:26:17.772Z","level":"info","channel":"media","message":"[VIDEO_RENDER_PROGRESS] Encoding frame 72","data":{"taskId":"tsk_mueuni1kb884b42be5","agentId":"video_renderer","data":{"stepId":"tsk_mueuni1kb884b42be5_s11","toolId":"media.render"}}}
{"ts":"2026-09-24T01:26:18.272Z","level":"info","channel":"media","message":"[VIDEO_RENDER_PROGRESS] Encoding frame 95","data":{"taskId":"tsk_mueuni1kb884b42be5","agentId":"video_renderer","data":{"stepId":"tsk_mueuni1kb884b42be5_s11","toolId":"media.render"}}}
{"ts":"2026-09-24T01:26:18.773Z","level":"info","channel":"media","message":"[VIDEO_RENDER_PROGRESS] Encoding frame 122","data":{"taskId":"tsk_mueuni1kb884b42be5","agentId":"video_renderer","data":{"stepId":"tsk_mueuni1kb884b42be5_s11","toolId":"media.render"}}}
{"ts":"2026-09-24T01:26:19.273Z","level":"info","channel":"media","message":"[VIDEO_RENDER_PROGRESS] Encoding frame 149","data":{"taskId":"tsk_mueuni1kb884b42be5","agentId":"video_renderer","data":{"stepId":"tsk_mueuni1kb884b42be5_s11","toolId":"media.render"}}}
{"ts":"2026-09-24T01:26:19.774Z","level":"info","channel":"media","message":"[VIDEO_RENDER_PROGRESS] Encoding frame 176","data":{"taskId":"tsk_mueuni1kb884b42be5","agentId":"video_renderer","data":{"stepId":"tsk_mueuni1kb884b42be5_s11","toolId":"media.render"}}}
{"ts":"2026-09-24T01:26:19.896Z","level":"info","channel":"media","message":"[VIDEO_RENDER_PROGRESS] Encoding frame 193","data":{"taskId":"tsk_mueuni1kb884b42be5","agentId":"video_renderer","data":{"stepId":"tsk_mueuni1kb884b42be5_s11","toolId":"media.render"}}}
{"ts":"2026-09-24T01:26:19.915Z","level":"info","channel":"media","message":"[VIDEO_RENDER_PROGRESS] Encoded scene 6/7 (STAT_CALLOUT, ROTATE)","data":{"taskId":"tsk_mueuni1kb884b42be5","agentId":"video_renderer","data":{"stepId":"tsk_mueuni1kb884b42be5_s11","toolId":"media.render"}}}
{"ts":"2026-09-24T01:26:19.915Z","level":"info","channel":"media","message":"Scene encoded: 6/7","data":{"agentId":"video_renderer","clip":"/app/runs/run_mueuni1kd7bd414241/renders/clip_06.mp4","motion":"ROTATE"}}
{"ts":"2026-09-24T01:26:20.466Z","level":"info","channel":"media","message":"[VIDEO_RENDER_PROGRESS] Encoding frame 0","data":{"taskId":"tsk_mueuni1kb884b42be5","agentId":"video_renderer","data":{"stepId":"tsk_mueuni1kb884b42be5_s11","toolId":"media.render"}}}
{"ts":"2026-09-24T01:26:20.974Z","level":"info","channel":"media","message":"[VIDEO_RENDER_PROGRESS] Encoding frame 8","data":{"taskId":"tsk_mueuni1kb884b42be5","agentId":"video_renderer","data":{"stepId":"tsk_mueuni1kb884b42be5_s11","toolId":"media.render"}}}
{"ts":"2026-09-24T01:26:21.474Z","level":"info","channel":"media","message":"[VIDEO_RENDER_PROGRESS] Encoding frame 29","data":{"taskId":"tsk_mueuni1kb884b42be5","agentId":"video_renderer","data":{"stepId":"tsk_mueuni1kb884b42be5_s11","toolId":"media.render"}}}
{"ts":"2026-09-24T01:26:21.977Z","level":"info","channel":"media","message":"[VIDEO_RENDER_PROGRESS] Encoding frame 48","data":{"taskId":"tsk_mueuni1kb884b42be5","agentId":"video_renderer","data":{"stepId":"tsk_mueuni1kb884b42be5_s11","toolId":"media.render"}}}
{"ts":"2026-09-24T01:26:22.477Z","level":"info","channel":"media","message":"[VIDEO_RENDER_PROGRESS] Encoding frame 68","data":{"taskId":"tsk_mueuni1kb884b42be5","agentId":"video_renderer","data":{"stepId":"tsk_mueuni1kb884b42be5_s11","toolId":"media.render"}}}
{"ts":"2026-09-24T01:26:22.975Z","level":"info","channel":"media","message":"[VIDEO_RENDER_PROGRESS] Encoding frame 86","data":{"taskId":"tsk_mueuni1kb884b42be5","agentId":"video_renderer","data":{"stepId":"tsk_mueuni1kb884b42be5_s11","toolId":"media.render"}}}
{"ts":"2026-09-24T01:26:23.476Z","level":"info","channel":"media","message":"[VIDEO_RENDER_PROGRESS] Encoding frame 107","data":{"taskId":"tsk_mueuni1kb884b42be5","agentId":"video_renderer","data":{"stepId":"tsk_mueuni1kb884b42be5_s11","toolId":"media.render"}}}
{"ts":"2026-09-24T01:26:23.977Z","level":"info","channel":"media","message":"[VIDEO_RENDER_PROGRESS] Encoding frame 129","data":{"taskId":"tsk_mueuni1kb884b42be5","agentId":"video_renderer","data":{"stepId":"tsk_mueuni1kb884b42be5_s11","toolId":"media.render"}}}
{"ts":"2026-09-24T01:26:24.477Z","level":"info","channel":"media","message":"[VIDEO_RENDER_PROGRESS] Encoding frame 150","data":{"taskId":"tsk_mueuni1kb884b42be5","agentId":"video_renderer","data":{"stepId":"tsk_mueuni1kb884b42be5_s11","toolId":"media.render"}}}
{"ts":"2026-09-24T01:26:24.979Z","level":"info","channel":"media","message":"[VIDEO_RENDER_PROGRESS] Encoding frame 170","data":{"taskId":"tsk_mueuni1kb884b42be5","agentId":"video_renderer","data":{"stepId":"tsk_mueuni1kb884b42be5_s11","toolId":"media.render"}}}
{"ts":"2026-09-24T01:26:25.200Z","level":"info","channel":"media","message":"[VIDEO_RENDER_PROGRESS] Encoding frame 193","data":{"taskId":"tsk_mueuni1kb884b42be5","agentId":"video_renderer","data":{"stepId":"tsk_mueuni1kb884b42be5_s11","toolId":"media.render"}}}
{"ts":"2026-09-24T01:26:25.227Z","level":"info","channel":"media","message":"[VIDEO_RENDER_PROGRESS] Encoded scene 7/7 (TIMELINE, ZOOM_IN)","data":{"taskId":"tsk_mueuni1kb884b42be5","agentId":"video_renderer","data":{"stepId":"tsk_mueuni1kb884b42be5_s11","toolId":"media.render"}}}
{"ts":"2026-09-24T01:26:25.227Z","level":"info","channel":"media","message":"Scene encoded: 7/7","data":{"agentId":"video_renderer","clip":"/app/runs/run_mueuni1kd7bd414241/renders/clip_07.mp4","motion":"ZOOM_IN"}}
{"ts":"2026-09-24T01:26:26.927Z","level":"info","channel":"media","message":"Video published: /app/output/renders/45-black-holes_run_mueuni1kd7bd414241.mp4 (6.88 MB)","data":{"agentId":"video_renderer","checks":10}}
{"ts":"2026-09-24T01:26:26.932Z","level":"info","channel":"media","message":"[VIDEO_VALIDATED] video: 45-black-holes_run_mueuni1kd7bd414241.mp4 (7049 KB) · validated","data":{"taskId":"tsk_mueuni1kb884b42be5","agentId":"video_renderer","data":{"id":"art_mueupjle2f8450e331","kind":"video","name":"45-black-holes_run_mueuni1kd7bd414241.mp4","path":"/app/output/renders/45-black-holes_run_mueuni1kd7bd414241.mp4","size":7218035,"validated":true,"meta":{"durationSec":45.014,"fps":30,"crf":22,"resolution":"1080x1920","scenes":7,"narrationIncluded":false,"captionTimingSource":"SCENE_DURATION_PROPORTIONAL","checks":[{"check":"container","expected":"mp4/mov","actual":"mov,mp4,m4a,3gp,3g2,mj2","status":"PASS"},{"check":"video codec","expected":"h264","actual":"h264","status":"PASS"},{"check":"resolution","expected":"1080x1920","actual":"1080x1920","status":"PASS"},{"check":"frame rate","expected":"30","actual":"30.00","status":"PASS"},{"check":"pixel format","expected":"yuv420p","actual":"yuv420p","status":"PASS"},{"check":"audio codec","expected":"aac","actual":"aac","status":"PASS"},{"check":"audio sample rate","expected":"48000","actual":"48000","status":"PASS"},{"check":"duration (s)","expected":"45.01","actual":"45.01","status":"PASS"},{"check":"file size","expected":"> 64 KB","actual":"7049 KB","status":"PASS"},{"check":"stream count","expected":">= 2","actual":"2","status":"PASS"}]}}}}
